2026-06-29 14:05:20,011 [INFO] [ADA] Starting tracking sheet compliance sweep for host: https://northgeorgiaebikes.com
2026-06-29 14:05:21,497 [INFO] [ADA] Processing: /
2026-06-29 14:05:22,774 [INFO] [ADA] Processing: /rides
2026-06-29 14:05:23,523 [INFO] [ADA] Processing: /shop
2026-06-29 14:05:23,875 [INFO] [ADA] Processing: /about
2026-06-29 14:05:24,575 [INFO] [ADA] Processing: /bikes
2026-06-29 14:05:24,954 [INFO] [ADA] Processing: /community
2026-06-29 14:05:25,747 [INFO] [ADA] Processing: /legals
2026-06-29 14:05:26,148 [INFO] [ADA] Processing: /samples
2026-06-29 14:05:26,503 [INFO] [ADA] Processing: /route-report
2026-06-29 14:05:26,814 [INFO] ==================================================
2026-06-29 14:05:26,814 [INFO] 🎉 SHEET COMPILATION FINISHED SUCCESSFULLY!
2026-06-29 14:05:26,814 [INFO] 📊 Total Individual Items Logged: 86
2026-06-29 14:05:26,814 [INFO] 💾 Imported Spreadsheet file created: accessibility_tracking_sheet.csv
2026-06-29 14:05:26,814 [INFO] ==================================================
2026-06-29 15:01:53,067 [INFO] [ADA] Starting tracking sheet compliance sweep for host: https://northgeorgiaebikes.com
2026-06-29 15:01:57,465 [INFO] [ADA] Processing: /
2026-06-29 15:01:58,698 [INFO] [ADA] Processing: /rides
2026-06-29 15:01:59,407 [INFO] [ADA] Processing: /shop
2026-06-29 15:01:59,780 [INFO] [ADA] Processing: /about
2026-06-29 15:02:00,285 [INFO] [ADA] Processing: /bikes
2026-06-29 15:02:00,810 [INFO] [ADA] Processing: /community
2026-06-29 15:02:01,653 [INFO] [ADA] Processing: /legals
2026-06-29 15:02:02,095 [INFO] [ADA] Processing: /samples
2026-06-29 15:02:02,453 [INFO] [ADA] Processing: /route-report
2026-06-29 15:02:02,863 [INFO] ==================================================
2026-06-29 15:02:02,863 [INFO] 🎉 SHEET COMPILATION FINISHED SUCCESSFULLY!
2026-06-29 15:02:02,863 [INFO] 📊 Total Individual Items Logged: 86
2026-06-29 15:02:02,863 [INFO] 💾 Imported Spreadsheet file created: accessibility_tracking_sheet.csv
2026-06-29 15:02:02,863 [INFO] ==================================================
2026-06-30 11:24:46,283 [INFO] [ADA] Starting tracking sheet compliance sweep for host: https://northgeorgiaebikes.com
2026-06-30 11:24:48,878 [INFO] [ADA] Processing: /
2026-06-30 11:24:49,873 [INFO] [ADA] Processing: /rides
2026-06-30 11:24:50,568 [INFO] [ADA] Processing: /shop
2026-06-30 11:24:50,929 [INFO] [ADA] Processing: /about
2026-06-30 11:24:51,359 [INFO] [ADA] Processing: /bikes
2026-06-30 11:24:53,268 [INFO] [ADA] Processing: /community
2026-06-30 11:24:54,057 [INFO] [ADA] Processing: /legals
2026-06-30 11:24:54,472 [INFO] [ADA] Processing: /samples
2026-06-30 11:24:54,852 [INFO] [ADA] Processing: /route-report
2026-06-30 11:24:55,107 [INFO] ==================================================
2026-06-30 11:24:55,108 [INFO] 🎉 SHEET COMPILATION FINISHED SUCCESSFULLY!
2026-06-30 11:24:55,111 [INFO] 📊 Total Individual Items Logged: 41
2026-06-30 11:24:55,111 [INFO] 💾 Imported Spreadsheet file created: accessibility_tracking_sheet.csv
2026-06-30 11:24:55,111 [INFO] ==================================================
